Godot Engine v4.7.2.stable.official.ed1daf0bf - https://godotengine.org

PASS Old saves have no new staff charges
PASS Hire costs exact fee
PASS Duplicate hire cannot charge twice
PASS Cleaner wage shown
PASS Hourly wash charges and records exact cost
PASS Cleaner cannot repeat within same hour
PASS Cleaner works next game hour
PASS Mechanic reduces repair costs
PASS All staff wages total correctly
PASS Sales staff raises inquiry chances by 20 percent
PASS Dismissal stops future wage
PASS Ledger includes actual hired staff
PASS Daily billing includes staff once
PASS Staff survives load
PASS Hire blocked while bills unpaid
PASS Hire requires fee and wage reserve
PASS Daily demand rotates across five categories
PASS Popular category gets demand boost
PASS Limited rare sport listing generated
PASS Rare opportunity not farmed by refreshing
PASS Expired opportunity cannot be bought
PASS Expired listing details unavailable
PASS Rare listings do not spawn every day
PASS Trade quote stable across repeated opens
PASS Save snapshot valid with trade car
PASS Trade settles exact cash difference
PASS Trade exchanges inventory and records cost basis
PASS Trade history separates cash and credit
PASS Trade sale profit based on total consideration
PASS Duplicate trade cannot pay or add vehicle twice
PASS Atomic save guard released
PASS Completed trade survives reload
PASS Unaffordable trade rejected without inventory mutation
PASS Full gallery permits exchange without extra slot
PASS Midnight trade cannot create negative cash after bills
PASS Staff screen tr320
PASS Trade screen tr320
PASS Staff screen en320
PASS Trade screen en320
PASS Staff screen ar320
PASS Trade screen ar320
PASS Staff screen fr320
PASS Trade screen fr320
PASS Staff screen tr432
PASS Trade screen tr432
PASS Staff screen en432
PASS Trade screen en432
PASS Staff screen ar432
PASS Trade screen ar432
PASS Staff screen fr432
PASS Trade screen fr432
PASS Staff screen tr1280
PASS Trade screen tr1280
PASS Staff screen en1280
PASS Trade screen en1280
PASS Staff screen ar1280
PASS Trade screen ar1280
PASS Staff screen fr1280
PASS Trade screen fr1280
PASS Trade page releases customer pause
EXPANSION_AUDIT_COMPLETE 60 checks; 0 failures
WARNING: 2 ObjectDB instances were leaked at exit (run with `--verbose` for details).
   at: cleanup (core/object/object.cpp:2536)
ERROR: 1 resources still in use at exit (run with --verbose for details).
   at: clear (core/io/resource.cpp:822)
