Godot Engine v4.7.2.stable.official.ed1daf0bf - https://godotengine.org

PASS Repair retains exact scroll position
PASS Repair preserves draft listing
PASS Repair charges exactly once
PASS Tier five stops thief without dispatch fee
PASS Repeated alarm resolution cannot charge
PASS Red intervention strip active without guards
PASS Purchased guards show automatic response
PASS Alarm survives theme chrome rebuild
PASS Resolved alarm disappears
PASS Gem pack exact new price 0
PASS Gem pack exact new price 1
PASS Gem pack exact new price 2
PASS Old cheap gem budget rejected
PASS Staff wages moderately increased
PASS Release notes contain only allowed truthful phrases
PASS Touch activity no longer freezes home traffic
FIX_AUDIT_COMPLETE 16 checks; 0 failures
WARNING: 2 ObjectDB instances were leaked at exit (run with `--verbose` for details).
   at: cleanup (core/object/object.cpp:2536)
ERROR: 1 resources still in use at exit (run with --verbose for details).
   at: clear (core/io/resource.cpp:822)
