Godot Engine v4.7.2.stable.official.ed1daf0bf - https://godotengine.org

PASS Healthy clean car improves offer
PASS Repeat drive does not change offer or time
PASS Drive result included in snapshot
PASS Reload preserves existing expired-visit cleanup
PASS Poor condition reduces offer
PASS Removed visit cannot run a drive
PASS Sale records purchase costs bonus and true profit
PASS Duplicate sale cannot append history
PASS History survives save snapshot
PASS Storage sales also recorded
PASS Malformed history ignored safely
PASS Older saves without history supported
PASS History screen tr320
PASS History screen en320
PASS History screen ar320
PASS History screen fr320
PASS History screen tr432
PASS History screen en432
PASS History screen ar432
PASS History screen fr432
PASS History screen tr1280
PASS History screen en1280
PASS History screen ar1280
PASS History screen fr1280
PASS Animated drive finishes and restores negotiation
PASS Dialog close releases negotiation pause
SALES_AUDIT_COMPLETE 26
WARNING: 2 ObjectDB instances were leaked at exit (run with `--verbose` for details).
   at: cleanup (core/object/object.cpp:2536)
ERROR: 1 resources still in use at exit (run with --verbose for details).
   at: clear (core/io/resource.cpp:822)
